
> agency@0.1.0 build
> next build

node.exe : [baseline-browser-mapping] 
The data in this module is over two 
months old.  To ensure accurate 
Baseline data, please update: `npm i 
baseline-browser-mapping@latest -D`
At line:1 char:1
+ & "C:\nvm4w\nodejs/node.exe" "C:\User
s\Sagar\AppData\Roaming\npm/node ...
+ ~~~~~~~~~~~~~~~~~~~~~~~~~~~~~~~~~~~~~
~~~~~~~~~~~~~~~~~~~~~~~~~~~~~~~~
    + CategoryInfo          : NotSpeci 
   fied: ([baseline-brows...ping@late  
  st -D`:String) [], RemoteException
    + FullyQualifiedErrorId : NativeCo 
   mmandError
 
 ΓÜá Invalid next.config.ts options 
detected: 
 ΓÜá     Unrecognized key(s) in 
object: 'turbopack' at "experimental"
 ΓÜá See more info here: https://nextjs
.org/docs/messages/invalid-next-config
 ΓÜá Warning: Next.js inferred your 
workspace root, but it may not be 
correct.
 We detected multiple lockfiles and 
selected the directory of 
C:\Users\Sagar\package-lock.json as 
the root directory.
 To silence this warning, set 
`turbopack.root` in your Next.js 
config, or consider removing one of 
the lockfiles if it's not needed.
   See https://nextjs.org/docs/app/api-
reference/config/next-config-js/turbopa
ck#root-directory for more information.
 Detected additional lockfiles: 
   * C:\Users\Sagar\OneDrive\Desktop\ag
ency\package-lock.json

   Γû▓ Next.js 16.0.3 (Turbopack)
   - Experiments (use with caution):
     ? turbopack (invalid experimental key)

   Creating an optimized production build ...
[baseline-browser-mapping] The data in 
this module is over two months old.  
To ensure accurate Baseline data, 
please update: `npm i 
baseline-browser-mapping@latest -D`
Turbopack build encountered 1 warnings:
./OneDrive/Desktop/agency/app/assets/no
t-found.jpg
AVIF image not supported
This version of Turbopack does not 
support AVIF images, will emit without 
optimization or encoding

Import trace:
  Server Component:
    ./OneDrive/Desktop/agency/app/asset
s/not-found.jpg
    ./OneDrive/Desktop/agency/app/not-f
ound.tsx


 Γ£ô Compiled successfully in 6.4s
   Running TypeScript ...
Failed to compile.

./next.config.ts:21:5
Type error: Object literal may only 
specify known properties, and 
'turbopack' does not exist in type 
'ExperimentalConfig'.

[0m [90m 19 |[39m   }[33m,[39m
 [90m 20 |[39m   
experimental[33m:[39m {
[31m[1m>[22m[39m[90m 21 |[39m    
 turbopack[33m:[39m {
 [90m    |[39m     
[31m[1m^[22m[39m
 [90m 22 |[39m       root[33m:[39m 
process[33m.[39mcwd()[33m,[39m
 [90m 23 |[39m     }[33m,[39m
 [90m 24 |[39m   }[33m,[39m[0m
Next.js build worker exited with code: 
1 and signal: null
